
  [39;41;1m FAIL [39;49;22m[39m Tests\Feature\IdentityAuth\PasswordResetTest[39m
  [31;1m⨯[39;22m[90m [39m[90mforgot password returns generic success for existing email[39m[90m          [39m [90m0.62s[39m  
  [31m────────────────────────────────────────────────────────────────────────────[39m  
  [41;1m FAILED [49;22m [1mTests\Feature\IdentityAuth\PasswordResetTest[22m [90m>[39m forgot password re…   
[39;1m  Expected response status code [200] but received 500.
Failed asserting that 500 is identical to 200.

The following exception occurred during the last request:

Symfony\Component\Routing\Exception\RouteNotFoundException: Route [password.reset] not defined. in /var/www/html/vendor/laravel/framework/src/Illuminate/Routing/UrlGenerator.php:534
Stack trace:
#0 /var/www/html/vendor/laravel/framework/src/Illuminate/Foundation/helpers.php(870): Illuminate\Routing\UrlGenerator->route('password.reset', Array, false)
#1 /var/www/html/vendor/laravel/framework/src/Illuminate/Auth/Notifications/ResetPassword.php(96): route('password.reset', Array, false)
#2 /var/www/html/vendor/laravel/framework/src/Illuminate/Auth/Notifications/ResetPassword.php(65): Illuminate\Auth\Notifications\ResetPassword->resetUrl(Object(App\Models\User))
#3 /var/www/html/vendor/laravel/framework/src/Illuminate/Notifications/Channels/MailChannel.php(55): Illuminate\Auth\Notifications\ResetPassword->toMail(Object(App\Models\User))
#4 /var/www/html/vendor/laravel/framework/src/Illuminate/Notifications/NotificationSender.php(161): Illuminate\Notifications\Channels\MailChannel->send(Object(App\Models\User), Object(Illuminate\Auth\Notifications\ResetPassword))
#5 /var/www/html/vendor/laravel/framework/src/Illuminate/Notifications/NotificationSender.php(116): Illuminate\Notifications\NotificationSender->sendToNotifiable(Object(App\Models\User), '77aeffd8-21d9-4...', Object(Illuminate\Auth\Notifications\ResetPassword), 'mail')
#6 /var/www/html/vendor/laravel/framework/src/Illuminate/Support/Traits/Localizable.php(19): Illuminate\Notifications\NotificationSender->Illuminate\Notifications\{closure}()
#7 /var/www/html/vendor/laravel/framework/src/Illuminate/Notifications/NotificationSender.php(111): Illuminate\Notifications\NotificationSender->withLocale(NULL, Object(Closure))
#8 /var/www/html/vendor/laravel/framework/src/Illuminate/Notifications/NotificationSender.php(89): Illuminate\Notifications\NotificationSender->sendNow(Object(Illuminate\Database\Eloquent\Collection), Object(Illuminate\Auth\Notifications\ResetPassword))
#9 /var/www/html/vendor/laravel/framework/src/Illuminate/Notifications/ChannelManager.php(47): Illuminate\Notifications\NotificationSender->send(Object(App\Models\User), Object(Illuminate\Auth\Notifications\ResetPassword))
#10 /var/www/html/vendor/laravel/framework/src/Illuminate/Notifications/RoutesNotifications.php(18): Illuminate\Notifications\ChannelManager->send(Object(App\Models\User), Object(Illuminate\Auth\Notifications\ResetPassword))
#11 /var/www/html/vendor/laravel/framework/src/Illuminate/Auth/Passwords/CanResetPassword.php(27): App\Models\User->notify(Object(Illuminate\Auth\Notifications\ResetPassword))
#12 /var/www/html/vendor/laravel/framework/src/Illuminate/Auth/Passwords/PasswordBroker.php(107): Illuminate\Foundation\Auth\User->sendPasswordResetNotification(Object(SensitiveParameterValue))
#13 /var/www/html/vendor/laravel/framework/src/Illuminate/Support/Timebox.php(34): Illuminate\Auth\Passwords\PasswordBroker->Illuminate\Auth\Passwords\{closure}(Object(Illuminate\Support\Timebox))
#14 /var/www/html/vendor/laravel/framework/src/Illuminate/Auth/Passwords/PasswordBroker.php(84): Illuminate\Support\Timebox->call(Object(Closure), 200000)
#15 /var/www/html/vendor/laravel/framework/src/Illuminate/Auth/Passwords/PasswordBrokerManager.php(152): Illuminate\Auth\Passwords\PasswordBroker->sendResetLink(Object(SensitiveParameterValue))
#16 /var/www/html/vendor/laravel/framework/src/Illuminate/Support/Facades/Facade.php(363): Illuminate\Auth\Passwords\PasswordBrokerManager->__call('sendResetLink', Array)
#17 /var/www/html/app/Core/IdentityAuth/Actions/RequestPasswordResetAction.php(21): Illuminate\Support\Facades\Facade::__callStatic('sendResetLink', Array)
#18 /var/www/html/app/Core/IdentityAuth/Http/Controllers/PasswordController.php(21): App\Core\IdentityAuth\Actions\RequestPasswordResetAction->execute(Object(App\Core\IdentityAuth\DTOs\ForgotPasswordData))
#19 /var/www/html/vendor/laravel/framework/src/Illuminate/Routing/ControllerDispatcher.php(46): App\Core\IdentityAuth\Http\Controllers\PasswordController->forgotPassword(Object(App\Core\IdentityAuth\Http\Requests\ForgotPasswordRequest), Object(App\Core\IdentityAuth\Actions\RequestPasswordResetAction))
#20 /var/www/html/vendor/laravel/framework/src/Illuminate/Routing/Route.php(265): Illuminate\Routing\ControllerDispatcher->dispatch(Object(Illuminate\Routing\Route), Object(App\Core\IdentityAuth\Http\Controllers\PasswordController), 'forgotPassword')
#21 /var/www/html/vendor/laravel/framework/src/Illuminate/Routing/Route.php(211): Illuminate\Routing\Route->runController()
#22 /var/www/html/vendor/laravel/framework/src/Illuminate/Routing/Router.php(822): Illuminate\Routing\Route->run()
#23 /var/www/html/vendor/laravel/framework/src/Illuminate/Pipeline/Pipeline.php(180): Illuminate\Routing\Router->Illuminate\Routing\{closure}(Object(Illuminate\Http\Request))
#24 /var/www/html/vendor/laravel/framework/src/Illuminate/Pipeline/Pipeline.php(137): Illuminate\Pipeline\Pipeline->Illuminate\Pipeline\{closure}(Object(Illuminate\Http\Request))
#25 /var/www/html/vendor/laravel/framework/src/Illuminate/Routing/Router.php(821): Illuminate\Pipeline\Pipeline->then(Object(Closure))
#26 /var/www/html/vendor/laravel/framework/src/Illuminate/Routing/Router.php(800): Illuminate\Routing\Router->runRouteWithinStack(Object(Illuminate\Routing\Route), Object(Illuminate\Http\Request))
#27 /var/www/html/vendor/laravel/framework/src/Illuminate/Routing/Router.php(764): Illuminate\Routing\Router->runRoute(Object(Illuminate\Http\Request), Object(Illuminate\Routing\Route))
#28 /var/www/html/vendor/laravel/framework/src/Illuminate/Routing/Router.php(753): Illuminate\Routing\Router->dispatchToRoute(Object(Illuminate\Http\Request))
#29 /var/www/html/vendor/laravel/framework/src/Illuminate/Foundation/Http/Kernel.php(200): Illuminate\Routing\Router->dispatch(Object(Illuminate\Http\Request))
#30 /var/www/html/vendor/laravel/framework/src/Illuminate/Pipeline/Pipeline.php(180): Illuminate\Foundation\Http\Kernel->Illuminate\Foundation\Http\{closure}(Object(Illuminate\Http\Request))
#31 /var/www/html/vendor/livewire/livewire/src/Features/SupportDisablingBackButtonCache/DisableBackButtonCacheMiddleware.php(19): Illuminate\Pipeline\Pipeline->Illuminate\Pipeline\{closure}(Object(Illuminate\Http\Request))
#32 /var/www/html/vendor/laravel/framework/src/Illuminate/Pipeline/Pipeline.php(219): Livewire\Features\SupportDisablingBackButtonCache\DisableBackButtonCacheMiddleware->handle(Object(Illuminate\Http\Request), Object(Closure))
#33 /var/www/html/vendor/laravel/framework/src/Illuminate/Foundation/Http/Middleware/TransformsRequest.php(21): Illuminate\Pipeline\Pipeline->Illuminate\Pipeline\{closure}(Object(Illuminate\Http\Request))
#34 /var/www/html/vendor/laravel/framework/src/Illuminate/Foundation/Http/Middleware/ConvertEmptyStringsToNull.php(31): Illuminate\Foundation\Http\Middleware\TransformsRequest->handle(Object(Illuminate\Http\Request), Object(Closure))
#35 /var/www/html/vendor/laravel/framework/src/Illuminate/Pipeline/Pipeline.php(219): Illuminate\Foundation\Http\Middleware\ConvertEmptyStringsToNull->handle(Object(Illuminate\Http\Request), Object(Closure))
#36 /var/www/html/vendor/laravel/framework/src/Illuminate/Foundation/Http/Middleware/TransformsRequest.php(21): Illuminate\Pipeline\Pipeline->Illuminate\Pipeline\{closure}(Object(Illuminate\Http\Request))
#37 /var/www/html/vendor/laravel/framework/src/Illuminate/Foundation/Http/Middleware/TrimStrings.php(51): Illuminate\Foundation\Http\Middleware\TransformsRequest->handle(Object(Illuminate\Http\Request), Object(Closure))
#38 /var/www/html/vendor/laravel/framework/src/Illuminate/Pipeline/Pipeline.php(219): Illuminate\Foundation\Http\Middleware\TrimStrings->handle(Object(Illuminate\Http\Request), Object(Closure))
#39 /var/www/html/vendor/laravel/framework/src/Illuminate/Http/Middleware/ValidatePostSize.php(27): Illuminate\Pipeline\Pipeline->Illuminate\Pipeline\{closure}(Object(Illuminate\Http\Request))
#40 /var/www/html/vendor/laravel/framework/src/Illuminate/Pipeline/Pipeline.php(219): Illuminate\Http\Middleware\ValidatePostSize->handle(Object(Illuminate\Http\Request), Object(Closure))
#41 /var/www/html/vendor/laravel/framework/src/Illuminate/Foundation/Http/Middleware/PreventRequestsDuringMaintenance.php(109): Illuminate\Pipeline\Pipeline->Illuminate\Pipeline\{closure}(Object(Illuminate\Http\Request))
#42 /var/www/html/vendor/laravel/framework/src/Illuminate/Pipeline/Pipeline.php(219): Illuminate\Foundation\Http\Middleware\PreventRequestsDuringMaintenance->handle(Object(Illuminate\Http\Request), Object(Closure))
#43 /var/www/html/vendor/laravel/framework/src/Illuminate/Http/Middleware/HandleCors.php(61): Illuminate\Pipeline\Pipeline->Illuminate\Pipeline\{closure}(Object(Illuminate\Http\Request))
#44 /var/www/html/vendor/laravel/framework/src/Illuminate/Pipeline/Pipeline.php(219): Illuminate\Http\Middleware\HandleCors->handle(Object(Illuminate\Http\Request), Object(Closure))
#45 /var/www/html/vendor/laravel/framework/src/Illuminate/Http/Middleware/TrustProxies.php(58): Illuminate\Pipeline\Pipeline->Illuminate\Pipeline\{closure}(Object(Illuminate\Http\Request))
#46 /var/www/html/vendor/laravel/framework/src/Illuminate/Pipeline/Pipeline.php(219): Illuminate\Http\Middleware\TrustProxies->handle(Object(Illuminate\Http\Request), Object(Closure))
#47 /var/www/html/vendor/laravel/framework/src/Illuminate/Foundation/Http/Middleware/InvokeDeferredCallbacks.php(22): Illuminate\Pipeline\Pipeline->Illuminate\Pipeline\{closure}(Object(Illuminate\Http\Request))
#48 /var/www/html/vendor/laravel/framework/src/Illuminate/Pipeline/Pipeline.php(219): Illuminate\Foundation\Http\Middleware\InvokeDeferredCallbacks->handle(Object(Illuminate\Http\Request), Object(Closure))
#49 /var/www/html/vendor/laravel/framework/src/Illuminate/Http/Middleware/ValidatePathEncoding.php(26): Illuminate\Pipeline\Pipeline->Illuminate\Pipeline\{closure}(Object(Illuminate\Http\Request))
#50 /var/www/html/vendor/laravel/framework/src/Illuminate/Pipeline/Pipeline.php(219): Illuminate\Http\Middleware\ValidatePathEncoding->handle(Object(Illuminate\Http\Request), Object(Closure))
#51 /var/www/html/vendor/laravel/framework/src/Illuminate/Pipeline/Pipeline.php(137): Illuminate\Pipeline\Pipeline->Illuminate\Pipeline\{closure}(Object(Illuminate\Http\Request))
#52 /var/www/html/vendor/laravel/framework/src/Illuminate/Foundation/Http/Kernel.php(175): Illuminate\Pipeline\Pipeline->then(Object(Closure))
#53 /var/www/html/vendor/laravel/framework/src/Illuminate/Foundation/Http/Kernel.php(144): Illuminate\Foundation\Http\Kernel->sendRequestThroughRouter(Object(Illuminate\Http\Request))
#54 /var/www/html/vendor/laravel/framework/src/Illuminate/Foundation/Testing/Concerns/MakesHttpRequests.php(607): Illuminate\Foundation\Http\Kernel->handle(Object(Illuminate\Http\Request))
#55 /var/www/html/vendor/laravel/framework/src/Illuminate/Foundation/Testing/Concerns/MakesHttpRequests.php(573): Illuminate\Foundation\Testing\TestCase->call('POST', '/auth/forgot-pa...', Array, Array, Array, Array, '{"email":"exist...')
#56 /var/www/html/vendor/laravel/framework/src/Illuminate/Foundation/Testing/Concerns/MakesHttpRequests.php(411): Illuminate\Foundation\Testing\TestCase->json('POST', '/auth/forgot-pa...', Array, Array, 0)
#57 /var/www/html/tests/Feature/IdentityAuth/PasswordResetTest.php(13): Illuminate\Foundation\Testing\TestCase->postJson('/auth/forgot-pa...', Array)
#58 /var/www/html/vendor/pestphp/pest/src/Factories/TestCaseMethodFactory.php(177): P\Tests\Feature\IdentityAuth\PasswordResetTest->{closure}()
#59 [internal function]: P\Tests\Feature\IdentityAuth\PasswordResetTest->Pest\Factories\{closure}()
#60 /var/www/html/vendor/pestphp/pest/src/Concerns/Testable.php(576): call_user_func_array(Object(Closure), Array)
#61 /var/www/html/vendor/pestphp/pest/src/Support/ExceptionTrace.php(26): P\Tests\Feature\IdentityAuth\PasswordResetTest->Pest\Concerns\{closure}()
#62 /var/www/html/vendor/pestphp/pest/src/Concerns/Testable.php(576): Pest\Support\ExceptionTrace::ensure(Object(Closure))
#63 /var/www/html/vendor/pestphp/pest/src/Concerns/Testable.php(403): P\Tests\Feature\IdentityAuth\PasswordResetTest->__callClosure(Object(Closure), Array)
#64 /var/www/html/vendor/pestphp/pest/src/Factories/TestCaseFactory.php(175) : eval()'d code(17): P\Tests\Feature\IdentityAuth\PasswordResetTest->__runTest(Object(Closure))
#65 /var/www/html/vendor/phpunit/phpunit/src/Framework/TestCase.php(1310): P\Tests\Feature\IdentityAuth\PasswordResetTest->__pest_evaluable_forgot_password_returns_generic_success_for_existing_email()
#66 /var/www/html/vendor/phpunit/phpunit/src/Framework/TestCase.php(1344): PHPUnit\Framework\TestCase->invokeTestMethod('__pest_evaluabl...', Array)
#67 /var/www/html/vendor/phpunit/phpunit/src/Framework/TestCase.php(520): PHPUnit\Framework\TestCase->runTest()
#68 /var/www/html/vendor/phpunit/phpunit/src/Framework/TestRunner/TestRunner.php(99): PHPUnit\Framework\TestCase->runBare()
#69 /var/www/html/vendor/phpunit/phpunit/src/Framework/TestCase.php(360): PHPUnit\Framework\TestRunner->run(Object(P\Tests\Feature\IdentityAuth\PasswordResetTest))
#70 /var/www/html/vendor/phpunit/phpunit/src/Framework/TestSuite.php(374): PHPUnit\Framework\TestCase->run()
#71 /var/www/html/vendor/phpunit/phpunit/src/TextUI/TestRunner.php(64): PHPUnit\Framework\TestSuite->run()
#72 /var/www/html/vendor/phpunit/phpunit/src/TextUI/Application.php(229): PHPUnit\TextUI\TestRunner->run(Object(PHPUnit\TextUI\Configuration\Configuration), Object(PHPUnit\Runner\ResultCache\DefaultResultCache), Object(PHPUnit\Framework\TestSuite))
#73 /var/www/html/vendor/pestphp/pest/src/Kernel.php(117): PHPUnit\TextUI\Application->run(Array)
#74 /var/www/html/vendor/pestphp/pest/bin/pest(207): Pest\Kernel->handle(Array, Array)
#75 /var/www/html/vendor/pestphp/pest/bin/pest(215): {closure}()
#76 {main}

----------------------------------------------------------------------------------

Route [password.reset] not defined.[39;22m

  at [32mtests/Feature/IdentityAuth/PasswordResetTest.php[39m:[32m17[39m
     13▕     $response = $this->postJson('/auth/forgot-password', [
     14▕         'email' => 'existing@example.com',
     15▕     ]);
     16▕ 
  ➜  17▕     $response->assertStatus(200);
     18▕     $response->assertJson([
     19▕         'message' => 'If that email exists, a password reset link has been sent.',
     20▕     ]);
     21▕ });


  [90mTests:[39m    [31;1m1 failed[39;22m[90m (1 assertions)[39m
  [90mDuration:[39m [39m0.75s[39m

